../Core/Src/main.c:76:5:_write	24	static
../Core/Src/main.c:84:13:ota_task	24	static
../Core/Src/main.c:101:6:mqtt_receive_task	1800	static
../Core/Src/main.c:148:6:at_cmd_handle_task	3576	static
../Core/Src/main.c:244:5:main	88	static,ignoring_inline_asm
../Core/Src/main.c:368:6:SystemClock_Config	88	static
../Core/Src/main.c:416:13:MX_I2C1_Init	8	static
../Core/Src/main.c:450:13:MX_UART4_Init	8	static
../Core/Src/main.c:483:13:MX_USART2_UART_Init	8	static
../Core/Src/main.c:514:13:MX_DMA_Init	16	static
../Core/Src/main.c:532:13:MX_GPIO_Init	48	static
../Core/Src/main.c:588:6:HAL_TIM_PeriodElapsedCallback	16	static
../Core/Src/main.c:606:6:Error_Handler	4	static,ignoring_inline_asm
