../Core/Src/ota_application.c:66:15:ota_start	2192	static
../Core/Src/ota_application.c:132:6:ota_handle_incoming_mqtt_message	1096	static
../Core/Src/ota_application.c:211:13:job_metadata_handler_chain	40	static
../Core/Src/ota_application.c:261:13:process_job_file	1784	static
../Core/Src/ota_application.c:318:13:job_handler_chain	56	static
../Core/Src/ota_application.c:381:13:request_data_block	288	static
../Core/Src/ota_application.c:426:13:handle_mqtt_streams_block_arrived	24	static
../Core/Src/ota_application.c:457:13:jump_to_application	24	static,ignoring_inline_asm
../Core/Src/ota_application.c:494:6:run_application	8	static
../Core/Src/ota_application.c:510:13:copy_firmware_to_second_sector	40	static
../Core/Src/ota_application.c:543:13:finish_download	2104	static
